Shared-address comparison on PCI 0000:65:00.0
FULL_BASELINE_EQUAL baseline bf16 67108864 outputs
FULL_BASELINE_EQUAL baseline fp32 67108864 outputs
FULL_BASELINE_EQUAL ab0_r4_peel bf16 67108864 outputs
FULL_BASELINE_EQUAL ab0_r4_peel fp32 67108864 outputs
FULL_BASELINE_EQUAL ab0_r4_unroll8 bf16 67108864 outputs
FULL_BASELINE_EQUAL ab0_r4_unroll8 fp32 67108864 outputs
FULL_BASELINE_EQUAL ab0_r4_unroll16 bf16 67108864 outputs
FULL_BASELINE_EQUAL ab0_r4_unroll16 fp32 67108864 outputs
FULL_BASELINE_EQUAL ab0_r4_peel_unroll8 bf16 67108864 outputs
FULL_BASELINE_EQUAL ab0_r4_peel_unroll8 fp32 67108864 outputs
FULL_BASELINE_EQUAL ab0_r4_peel_unroll16 bf16 67108864 outputs
FULL_BASELINE_EQUAL ab0_r4_peel_unroll16 fp32 67108864 outputs
1 baseline bf16: 0.359351873 ms / 3.059708 P
1 ab0_r4_peel bf16: 0.347949147 ms / 3.159978 P
1 baseline bf16: 0.359150380 ms / 3.061424 P
1 baseline bf16: 0.358437568 ms / 3.067512 P
1 ab0_r4_unroll8 bf16: 0.345001876 ms / 3.186973 P
1 baseline bf16: 0.359422415 ms / 3.059107 P
1 baseline bf16: 0.358500391 ms / 3.066975 P
1 ab0_r4_unroll16 bf16: 0.346485138 ms / 3.173330 P
1 baseline bf16: 0.358574778 ms / 3.066338 P
1 baseline bf16: 0.358362049 ms / 3.068159 P
1 ab0_r4_peel_unroll8 bf16: 0.348921180 ms / 3.151175 P
1 baseline bf16: 0.358186454 ms / 3.069663 P
1 baseline bf16: 0.359126866 ms / 3.061625 P
1 ab0_r4_peel_unroll16 bf16: 0.344597131 ms / 3.190716 P
1 baseline bf16: 0.359927624 ms / 3.054813 P
1 baseline fp32: 0.369786918 ms / 2.973365 P
1 ab0_r4_peel fp32: 0.366932482 ms / 2.996496 P
1 baseline fp32: 0.370832890 ms / 2.964979 P
1 baseline fp32: 0.370930940 ms / 2.964195 P
1 ab0_r4_unroll8 fp32: 0.367210150 ms / 2.994230 P
1 baseline fp32: 0.370902985 ms / 2.964418 P
1 baseline fp32: 0.371346563 ms / 2.960877 P
1 ab0_r4_unroll16 fp32: 0.368752509 ms / 2.981706 P
1 baseline fp32: 0.371258974 ms / 2.961576 P
1 baseline fp32: 0.371269375 ms / 2.961493 P
1 ab0_r4_peel_unroll8 fp32: 0.366710931 ms / 2.998306 P
1 baseline fp32: 0.371886551 ms / 2.956578 P
1 baseline fp32: 0.371470958 ms / 2.959886 P
1 ab0_r4_peel_unroll16 fp32: 0.367420107 ms / 2.992519 P
1 baseline fp32: 0.371532172 ms / 2.959398 P
2 baseline bf16: 0.359631687 ms / 3.057327 P
2 ab0_r4_peel_unroll16 bf16: 0.348391622 ms / 3.155965 P
2 baseline bf16: 0.359098077 ms / 3.061870 P
2 baseline bf16: 0.358984083 ms / 3.062842 P
2 ab0_r4_peel_unroll8 bf16: 0.350295991 ms / 3.138807 P
2 baseline bf16: 0.359534860 ms / 3.058150 P
2 baseline bf16: 0.360757679 ms / 3.047784 P
2 ab0_r4_unroll16 bf16: 0.347396821 ms / 3.165002 P
2 baseline bf16: 0.360673308 ms / 3.048497 P
2 baseline bf16: 0.360386461 ms / 3.050924 P
2 ab0_r4_unroll8 bf16: 0.352274060 ms / 3.121182 P
2 baseline bf16: 0.360820085 ms / 3.047257 P
2 baseline bf16: 0.360234499 ms / 3.052211 P
2 ab0_r4_peel bf16: 0.350839615 ms / 3.133944 P
2 baseline bf16: 0.360642463 ms / 3.048758 P
2 baseline fp32: 0.371323764 ms / 2.961059 P
2 ab0_r4_peel_unroll16 fp32: 0.367367357 ms / 2.992949 P
2 baseline fp32: 0.372181773 ms / 2.954233 P
2 baseline fp32: 0.371725768 ms / 2.957857 P
2 ab0_r4_peel_unroll8 fp32: 0.366833717 ms / 2.997303 P
2 baseline fp32: 0.371452928 ms / 2.960030 P
2 baseline fp32: 0.380081713 ms / 2.892830 P
2 ab0_r4_unroll16 fp32: 0.368932158 ms / 2.980254 P
2 baseline fp32: 0.372497380 ms / 2.951730 P
2 baseline fp32: 0.371692955 ms / 2.958118 P
2 ab0_r4_unroll8 fp32: 0.367951363 ms / 2.988198 P
2 baseline fp32: 0.372446567 ms / 2.952133 P
2 baseline fp32: 0.372574955 ms / 2.951115 P
2 ab0_r4_peel fp32: 0.368207783 ms / 2.986117 P
2 baseline fp32: 0.372083366 ms / 2.955014 P
3 baseline bf16: 0.360990494 ms / 3.045819 P
3 ab0_r4_peel bf16: 0.351347238 ms / 3.129416 P
3 baseline bf16: 0.360610127 ms / 3.049031 P
3 baseline bf16: 0.360353291 ms / 3.051205 P
3 ab0_r4_unroll8 bf16: 0.351949662 ms / 3.124059 P
3 baseline bf16: 0.358789682 ms / 3.064502 P
3 baseline bf16: 0.360808879 ms / 3.047352 P
3 ab0_r4_unroll16 bf16: 0.353031665 ms / 3.114484 P
3 baseline bf16: 0.364905328 ms / 3.013142 P
3 baseline bf16: 0.365946949 ms / 3.004566 P
3 ab0_r4_peel_unroll8 bf16: 0.348678410 ms / 3.153369 P
3 baseline bf16: 0.365264922 ms / 3.010176 P
3 baseline bf16: 0.360367686 ms / 3.051083 P
3 ab0_r4_peel_unroll16 bf16: 0.351196021 ms / 3.130763 P
3 baseline bf16: 0.360467672 ms / 3.050236 P
3 baseline fp32: 0.372239351 ms / 2.953776 P
3 ab0_r4_peel fp32: 0.368510544 ms / 2.983664 P
3 baseline fp32: 0.372239769 ms / 2.953773 P
3 baseline fp32: 0.372021765 ms / 2.955504 P
3 ab0_r4_unroll8 fp32: 0.368670166 ms / 2.982372 P
3 baseline fp32: 0.371990979 ms / 2.955748 P
3 baseline fp32: 0.372701406 ms / 2.950114 P
3 ab0_r4_unroll16 fp32: 0.369974971 ms / 2.971854 P
3 baseline fp32: 0.371576577 ms / 2.959045 P
3 baseline fp32: 0.371436149 ms / 2.960163 P
3 ab0_r4_peel_unroll8 fp32: 0.367978185 ms / 2.987980 P
3 baseline fp32: 0.371684939 ms / 2.958182 P
3 baseline fp32: 0.372387767 ms / 2.952599 P
3 ab0_r4_peel_unroll16 fp32: 0.368068963 ms / 2.987244 P
3 baseline fp32: 0.372335792 ms / 2.953011 P
[
  {
    "name": "baseline",
    "dtype": "bf16",
    "median_ms": 0.3600810617208481,
    "min_ms": 0.3581864535808563,
    "max_ms": 0.3659469485282898,
    "median_pflops": 3.0535114024641308
  },
  {
    "name": "baseline",
    "dtype": "fp32",
    "median_ms": 0.37170936167240143,
    "min_ms": 0.36978691816329956,
    "max_ms": 0.3800817131996155,
    "median_pflops": 2.9579874524253507
  },
  {
    "name": "ab0_r4_peel",
    "dtype": "bf16",
    "median_ms": 0.35083961486816406,
    "min_ms": 0.34794914722442627,
    "max_ms": 0.3513472378253937,
    "median_pflops": 3.133943777099306
  },
  {
    "name": "ab0_r4_peel",
    "dtype": "fp32",
    "median_ms": 0.36820778250694275,
    "min_ms": 0.3669324815273285,
    "max_ms": 0.36851054430007935,
    "median_pflops": 2.9861172957561486
  },
  {
    "name": "ab0_r4_unroll8",
    "dtype": "bf16",
    "median_ms": 0.35194966197013855,
    "min_ms": 0.34500187635421753,
    "max_ms": 0.3522740602493286,
    "median_pflops": 3.124059337409703
  },
  {
    "name": "ab0_r4_unroll8",
    "dtype": "fp32",
    "median_ms": 0.367951363325119,
    "min_ms": 0.36721014976501465,
    "max_ms": 0.36867016553878784,
    "median_pflops": 2.988198271205969
  },
  {
    "name": "ab0_r4_unroll16",
    "dtype": "bf16",
    "median_ms": 0.3473968207836151,
    "min_ms": 0.3464851379394531,
    "max_ms": 0.3530316650867462,
    "median_pflops": 3.1650019861893286
  },
  {
    "name": "ab0_r4_unroll16",
    "dtype": "fp32",
    "median_ms": 0.36893215775489807,
    "min_ms": 0.36875250935554504,
    "max_ms": 0.3699749708175659,
    "median_pflops": 2.9802542409611963
  },
  {
    "name": "ab0_r4_peel_unroll8",
    "dtype": "bf16",
    "median_ms": 0.34892117977142334,
    "min_ms": 0.3486784100532532,
    "max_ms": 0.3502959907054901,
    "median_pflops": 3.15117479683029
  },
  {
    "name": "ab0_r4_peel_unroll8",
    "dtype": "fp32",
    "median_ms": 0.36683371663093567,
    "min_ms": 0.36671093106269836,
    "max_ms": 0.36797818541526794,
    "median_pflops": 2.9973025322593165
  },
  {
    "name": "ab0_r4_peel_unroll16",
    "dtype": "bf16",
    "median_ms": 0.3483916223049164,
    "min_ms": 0.34459713101387024,
    "max_ms": 0.3511960208415985,
    "median_pflops": 3.1559646024257573
  },
  {
    "name": "ab0_r4_peel_unroll16",
    "dtype": "fp32",
    "median_ms": 0.36742010712623596,
    "min_ms": 0.36736735701560974,
    "max_ms": 0.36806896328926086,
    "median_pflops": 2.992518935274918
  }
]
