Shared-address comparison on PCI 0000:65:00.0
FULL_BASELINE_EQUAL baseline bf16 67108864 outputs
FULL_BASELINE_EQUAL baseline fp32 67108864 outputs
FULL_BASELINE_EQUAL specialized bf16 67108864 outputs
FULL_BASELINE_EQUAL specialized fp32 67108864 outputs
FULL_BASELINE_EQUAL stream64_direct bf16 67108864 outputs
FULL_BASELINE_EQUAL stream64_direct fp32 67108864 outputs
FULL_BASELINE_EQUAL stream64_lds_fence bf16 67108864 outputs
FULL_BASELINE_EQUAL stream64_lds_fence fp32 67108864 outputs
1 baseline bf16: 0.380294770 ms / 2.891209 P
1 specialized bf16: 0.339658558 ms / 3.237109 P
1 baseline bf16: 0.380901188 ms / 2.886606 P
1 baseline bf16: 0.380531013 ms / 2.889414 P
1 stream64_direct bf16: 0.348960221 ms / 3.150822 P
1 baseline bf16: 0.381452858 ms / 2.882431 P
1 baseline bf16: 0.381292492 ms / 2.883644 P
1 stream64_lds_fence bf16: 0.344684184 ms / 3.189910 P
1 baseline bf16: 0.381633252 ms / 2.881069 P
1 baseline fp32: 0.393699527 ms / 2.792768 P
1 specialized fp32: 0.361067176 ms / 3.045172 P
1 baseline fp32: 0.393971443 ms / 2.790841 P
1 baseline fp32: 0.394157827 ms / 2.789521 P
1 stream64_direct fp32: 0.367564380 ms / 2.991344 P
1 baseline fp32: 0.393973440 ms / 2.790827 P
1 baseline fp32: 0.394477427 ms / 2.787261 P
1 stream64_lds_fence fp32: 0.365646750 ms / 3.007032 P
1 baseline fp32: 0.394215435 ms / 2.789114 P
2 baseline bf16: 0.381475717 ms / 2.882259 P
2 stream64_lds_fence bf16: 0.345118225 ms / 3.185898 P
2 baseline bf16: 0.381890565 ms / 2.879127 P
2 baseline bf16: 0.382314593 ms / 2.875934 P
2 stream64_direct bf16: 0.351221055 ms / 3.130540 P
2 baseline bf16: 0.381903768 ms / 2.879028 P
2 baseline bf16: 0.381636530 ms / 2.881044 P
2 specialized bf16: 0.341876566 ms / 3.216107 P
2 baseline bf16: 0.382019341 ms / 2.878157 P
2 baseline fp32: 0.394206703 ms / 2.789175 P
2 stream64_lds_fence fp32: 0.365537196 ms / 3.007934 P
2 baseline fp32: 0.394262224 ms / 2.788783 P
2 baseline fp32: 0.394917876 ms / 2.784153 P
2 stream64_direct fp32: 0.368375212 ms / 2.984760 P
2 baseline fp32: 0.394123882 ms / 2.789761 P
2 baseline fp32: 0.394107461 ms / 2.789878 P
2 specialized fp32: 0.361861199 ms / 3.038490 P
2 baseline fp32: 0.394252658 ms / 2.788850 P
3 baseline bf16: 0.381945759 ms / 2.878711 P
3 specialized bf16: 0.341845363 ms / 3.216401 P
3 baseline bf16: 0.382230163 ms / 2.876570 P
3 baseline bf16: 0.382406592 ms / 2.875242 P
3 stream64_direct bf16: 0.352265894 ms / 3.121255 P
3 baseline bf16: 0.382540166 ms / 2.874238 P
3 baseline bf16: 0.382504165 ms / 2.874509 P
3 stream64_lds_fence bf16: 0.345875829 ms / 3.178920 P
3 baseline bf16: 0.382188141 ms / 2.876886 P
3 baseline fp32: 0.394322664 ms / 2.788355 P
3 specialized fp32: 0.361886740 ms / 3.038276 P
3 baseline fp32: 0.394683480 ms / 2.785806 P
3 baseline fp32: 0.394334674 ms / 2.788270 P
3 stream64_direct fp32: 0.369187623 ms / 2.978192 P
3 baseline fp32: 0.394567072 ms / 2.786628 P
3 baseline fp32: 0.394912273 ms / 2.784192 P
3 stream64_lds_fence fp32: 0.366465986 ms / 3.000310 P
3 baseline fp32: 0.394536287 ms / 2.786845 P
[
  {
    "name": "baseline",
    "dtype": "bf16",
    "median_ms": 0.3818971663713455,
    "min_ms": 0.3802947700023651,
    "max_ms": 0.38254016637802124,
    "median_pflops": 2.87907773242514
  },
  {
    "name": "baseline",
    "dtype": "fp32",
    "median_ms": 0.39425744116306305,
    "min_ms": 0.3936995267868042,
    "max_ms": 0.39491787552833557,
    "median_pflops": 2.7888164254615733
  },
  {
    "name": "specialized",
    "dtype": "bf16",
    "median_ms": 0.3418453633785248,
    "min_ms": 0.33965855836868286,
    "max_ms": 0.3418765664100647,
    "median_pflops": 3.2164005880007
  },
  {
    "name": "specialized",
    "dtype": "fp32",
    "median_ms": 0.3618611991405487,
    "min_ms": 0.36106717586517334,
    "max_ms": 0.36188673973083496,
    "median_pflops": 3.0384899801013043
  },
  {
    "name": "stream64_direct",
    "dtype": "bf16",
    "median_ms": 0.3512210547924042,
    "min_ms": 0.3489602208137512,
    "max_ms": 0.3522658944129944,
    "median_pflops": 3.130540190495946
  },
  {
    "name": "stream64_direct",
    "dtype": "fp32",
    "median_ms": 0.3683752119541168,
    "min_ms": 0.3675643801689148,
    "max_ms": 0.3691876232624054,
    "median_pflops": 2.9847600818291493
  },
  {
    "name": "stream64_lds_fence",
    "dtype": "bf16",
    "median_ms": 0.3451182246208191,
    "min_ms": 0.3446841835975647,
    "max_ms": 0.3458758294582367,
    "median_pflops": 3.1858984815537688
  },
  {
    "name": "stream64_lds_fence",
    "dtype": "fp32",
    "median_ms": 0.36564674973487854,
    "min_ms": 0.36553719639778137,
    "max_ms": 0.3664659857749939,
    "median_pflops": 3.007032411947402
  }
]
