Shared-address comparison on PCI 0000:95:00.0
FULL_BASELINE_EQUAL baseline bf16 67108864 outputs
FULL_BASELINE_EQUAL baseline fp32 67108864 outputs
FULL_BASELINE_EQUAL symmetric_single16 bf16 67108864 outputs
FULL_BASELINE_EQUAL symmetric_single16 fp32 67108864 outputs
FULL_BASELINE_EQUAL sym_release24_spread bf16 67108864 outputs
FULL_BASELINE_EQUAL sym_release24_spread fp32 67108864 outputs
FULL_BASELINE_EQUAL sym_release24_dense bf16 67108864 outputs
FULL_BASELINE_EQUAL sym_release24_dense fp32 67108864 outputs
FULL_BASELINE_EQUAL sym_release28_dense bf16 67108864 outputs
FULL_BASELINE_EQUAL sym_release28_dense fp32 67108864 outputs
1 baseline bf16: 0.383859406 ms / 2.864360 P
1 baseline fp32: 0.381918640 ms / 2.878916 P
1 symmetric_single16 bf16: 0.380485497 ms / 2.889760 P
1 symmetric_single16 fp32: 0.379974403 ms / 2.893647 P
1 sym_release24_spread bf16: 0.382270355 ms / 2.876267 P
1 sym_release24_spread fp32: 0.384725990 ms / 2.857908 P
1 sym_release24_dense bf16: 0.387500038 ms / 2.837449 P
1 sym_release24_dense fp32: 0.386895256 ms / 2.841884 P
1 sym_release28_dense bf16: 0.386547241 ms / 2.844443 P
1 sym_release28_dense fp32: 0.387066498 ms / 2.840627 P
2 sym_release28_dense bf16: 0.387082863 ms / 2.840507 P
2 sym_release28_dense fp32: 0.387905350 ms / 2.834484 P
2 sym_release24_dense bf16: 0.385619278 ms / 2.851288 P
2 sym_release24_dense fp32: 0.387637749 ms / 2.836441 P
2 sym_release24_spread bf16: 0.384908867 ms / 2.856551 P
2 sym_release24_spread fp32: 0.385387268 ms / 2.853005 P
2 symmetric_single16 bf16: 0.388224945 ms / 2.832151 P
2 symmetric_single16 fp32: 0.388035774 ms / 2.833532 P
2 baseline bf16: 0.389951744 ms / 2.819609 P
2 baseline fp32: 0.403979454 ms / 2.721702 P
3 baseline bf16: 0.387030525 ms / 2.840891 P
3 baseline fp32: 0.405222282 ms / 2.713354 P
3 symmetric_single16 bf16: 0.387916107 ms / 2.834406 P
3 symmetric_single16 fp32: 0.389304543 ms / 2.824297 P
3 sym_release24_spread bf16: 0.384444885 ms / 2.859998 P
3 sym_release24_spread fp32: 0.387412529 ms / 2.838090 P
3 sym_release24_dense bf16: 0.388575745 ms / 2.829594 P
3 sym_release24_dense fp32: 0.386993370 ms / 2.841164 P
3 sym_release28_dense bf16: 0.387495346 ms / 2.837483 P
3 sym_release28_dense fp32: 0.388068161 ms / 2.833295 P
[
  {
    "name": "baseline",
    "dtype": "bf16",
    "median_ms": 0.3870305252075195,
    "min_ms": 0.38385940551757813,
    "max_ms": 0.3899517440795898,
    "median_pflops": 2.8408912376781124
  },
  {
    "name": "baseline",
    "dtype": "fp32",
    "median_ms": 0.4039794540405273,
    "min_ms": 0.3819186401367187,
    "max_ms": 0.40522228240966796,
    "median_pflops": 2.7217018508711006
  },
  {
    "name": "symmetric_single16",
    "dtype": "bf16",
    "median_ms": 0.3879161071777344,
    "min_ms": 0.3804854965209961,
    "max_ms": 0.38822494506835936,
    "median_pflops": 2.8344057063663732
  },
  {
    "name": "symmetric_single16",
    "dtype": "fp32",
    "median_ms": 0.38803577423095703,
    "min_ms": 0.37997440338134764,
    "max_ms": 0.38930454254150393,
    "median_pflops": 2.833531598871541
  },
  {
    "name": "sym_release24_spread",
    "dtype": "bf16",
    "median_ms": 0.38444488525390624,
    "min_ms": 0.3822703552246094,
    "max_ms": 0.38490886688232423,
    "median_pflops": 2.859998064611599
  },
  {
    "name": "sym_release24_spread",
    "dtype": "fp32",
    "median_ms": 0.3853872680664063,
    "min_ms": 0.38472599029541016,
    "max_ms": 0.3874125289916992,
    "median_pflops": 2.8530045460311957
  },
  {
    "name": "sym_release24_dense",
    "dtype": "bf16",
    "median_ms": 0.38750003814697265,
    "min_ms": 0.38561927795410156,
    "max_ms": 0.38857574462890626,
    "median_pflops": 2.8374490826733094
  },
  {
    "name": "sym_release24_dense",
    "dtype": "fp32",
    "median_ms": 0.38699337005615236,
    "min_ms": 0.3868952560424805,
    "max_ms": 0.38763774871826173,
    "median_pflops": 2.841163991043211
  },
  {
    "name": "sym_release28_dense",
    "dtype": "bf16",
    "median_ms": 0.3870828628540039,
    "min_ms": 0.3865472412109375,
    "max_ms": 0.38749534606933594,
    "median_pflops": 2.8405071195071296
  },
  {
    "name": "sym_release28_dense",
    "dtype": "fp32",
    "median_ms": 0.3879053497314453,
    "min_ms": 0.3870664978027344,
    "max_ms": 0.3880681610107422,
    "median_pflops": 2.8344843105082567
  }
]
