[aiter] import [module_aiter_core] under /sgl-workspace/aiter/aiter/jit/module_aiter_core.so
[aiter] ROCm/HIP JIT runtime not available: cannot import name 'fly_values' from 'flydsl.compiler.protocol' (/opt/venv/lib/python3.10/site-packages/flydsl/compiler/protocol.py). CK and HIP ops are disabled. Triton ops remain available.
/opt/venv/lib/python3.10/site-packages/torch/__init__.py:1605: UserWarning: Please use the new API settings to control TF32 behavior, such as torch.backends.cudnn.conv.fp32_precision = 'tf32' or torch.backends.cuda.matmul.fp32_precision = 'ieee'. Old settings, e.g, torch.backends.cuda.matmul.allow_tf32 = True, torch.backends.cudnn.allow_tf32 = True, allowTF32CuDNN() and allowTF32CuBLAS() will be deprecated after Pytorch 2.9. Please see https://pytorch.org/docs/main/notes/cuda.html#tensorfloat-32-tf32-on-ampere-and-later-devices (Triggered internally at /app/pytorch/aten/src/ATen/Context.cpp:80.)
  _C._set_float32_matmul_precision(precision)
PASS baseline fp32 (512, 256, 128, 2)
PASS compute_tuned fp32 (512, 256, 128, 2)
PASS compute_tuned_release4 fp32 (512, 256, 128, 2)
PASS compute_tuned_outbase6 fp32 (512, 256, 128, 2)
PASS out_packed_asm fp32 (512, 256, 128, 2)
PASS out_packed_asm_base fp32 (512, 256, 128, 2)
PASS baseline bf16 (512, 256, 128, 2)
PASS compute_tuned bf16 (512, 256, 128, 2)
PASS compute_tuned_release4 bf16 (512, 256, 128, 2)
PASS compute_tuned_outbase6 bf16 (512, 256, 128, 2)
Traceback (most recent call last):
  File "/root/workspace/gcnasm_new/gcnasm-mxfp8-final-pipeline-source-20260910/opus_gemm/mxfp8_gemm_16x16x128_blockscale_bpreshuffle_4wave/results/generic_issue_20260912/verify_shapes.py", line 80, in <module>
    torch.testing.assert_close(output,target,rtol=0,atol=0)
  File "/opt/venv/lib/python3.10/site-packages/torch/testing/_comparison.py", line 1587, in assert_close
    raise error_metas[0].to_error(msg)
AssertionError: Tensor-likes are not equal!

Mismatched elements: 20388 / 262144 (7.8%)
Greatest absolute difference: 276.0 at index (0, 356, 120)
Greatest relative difference: 1.0 at index (0, 96, 96)
