Shared-address comparison on PCI 0000:65:00.0
FULL_BASELINE_EQUAL baseline bf16 67108864 outputs
FULL_BASELINE_EQUAL baseline fp32 67108864 outputs
FULL_BASELINE_EQUAL m0_group4 bf16 67108864 outputs
FULL_BASELINE_EQUAL m0_group4 fp32 67108864 outputs
FULL_BASELINE_EQUAL issue7_37 bf16 67108864 outputs
FULL_BASELINE_EQUAL issue7_37 fp32 67108864 outputs
FULL_BASELINE_EQUAL issue9_39 bf16 67108864 outputs
FULL_BASELINE_EQUAL issue9_39 fp32 67108864 outputs
1 baseline bf16: 0.337003410 ms / 3.262613 P
1 m0_group4 bf16: 0.336457014 ms / 3.267911 P
1 baseline bf16: 0.336005062 ms / 3.272307 P
1 baseline bf16: 0.335685045 ms / 3.275426 P
1 issue7_37 bf16: 0.335496664 ms / 3.277265 P
1 baseline bf16: 0.336347133 ms / 3.268979 P
1 baseline bf16: 0.336028337 ms / 3.272080 P
1 issue9_39 bf16: 0.335633159 ms / 3.275933 P
1 baseline bf16: 0.336316347 ms / 3.269278 P
1 baseline fp32: 0.359616578 ms / 3.057455 P
1 m0_group4 fp32: 0.359147370 ms / 3.061450 P
1 baseline fp32: 0.359332621 ms / 3.059871 P
1 baseline fp32: 0.359320194 ms / 3.059977 P
1 issue7_37 fp32: 0.359152526 ms / 3.061406 P
1 baseline fp32: 0.359544188 ms / 3.058071 P
1 baseline fp32: 0.359546959 ms / 3.058047 P
1 issue9_39 fp32: 0.359172553 ms / 3.061235 P
1 baseline fp32: 0.359522581 ms / 3.058255 P
2 baseline bf16: 0.336552769 ms / 3.266981 P
2 issue9_39 bf16: 0.336109549 ms / 3.271289 P
2 baseline bf16: 0.336793214 ms / 3.264649 P
2 baseline bf16: 0.336653203 ms / 3.266007 P
2 issue7_37 bf16: 0.336384356 ms / 3.268617 P
2 baseline bf16: 0.336559147 ms / 3.266919 P
2 baseline bf16: 0.336601168 ms / 3.266512 P
2 m0_group4 bf16: 0.336715549 ms / 3.265402 P
2 baseline bf16: 0.336945564 ms / 3.263173 P
2 baseline fp32: 0.359939337 ms / 3.054714 P
2 issue9_39 fp32: 0.359825373 ms / 3.055681 P
2 baseline fp32: 0.360270202 ms / 3.051908 P
2 baseline fp32: 0.359927744 ms / 3.054812 P
2 issue7_37 fp32: 0.359556615 ms / 3.057965 P
2 baseline fp32: 0.360228956 ms / 3.052258 P
2 baseline fp32: 0.360152215 ms / 3.052908 P
2 m0_group4 fp32: 0.359244943 ms / 3.060618 P
2 baseline fp32: 0.359907001 ms / 3.054988 P
3 baseline bf16: 0.337126821 ms / 3.261418 P
3 m0_group4 bf16: 0.336881220 ms / 3.263796 P
3 baseline bf16: 0.336724401 ms / 3.265316 P
3 baseline bf16: 0.336947203 ms / 3.263157 P
3 issue7_37 bf16: 0.336313605 ms / 3.269305 P
3 baseline bf16: 0.337152392 ms / 3.261171 P
3 baseline bf16: 0.336939991 ms / 3.263227 P
3 issue9_39 bf16: 0.337032825 ms / 3.262328 P
3 baseline bf16: 0.337338805 ms / 3.259369 P
3 baseline fp32: 0.360664189 ms / 3.048574 P
3 m0_group4 fp32: 0.359447360 ms / 3.058895 P
3 baseline fp32: 0.360296965 ms / 3.051682 P
3 baseline fp32: 0.360326588 ms / 3.051431 P
3 issue7_37 fp32: 0.359810978 ms / 3.055803 P
3 baseline fp32: 0.360092551 ms / 3.053414 P
3 baseline fp32: 0.360473365 ms / 3.050188 P
3 issue9_39 fp32: 0.359835356 ms / 3.055596 P
3 baseline fp32: 0.360396951 ms / 3.050835 P
[
  {
    "name": "baseline",
    "dtype": "bf16",
    "median_ms": 0.3366888016462326,
    "min_ms": 0.33568504452705383,
    "max_ms": 0.33733880519866943,
    "median_pflops": 3.2656614131505464
  },
  {
    "name": "baseline",
    "dtype": "fp32",
    "median_ms": 0.36001594364643097,
    "min_ms": 0.35932019352912903,
    "max_ms": 0.3606641888618469,
    "median_pflops": 3.05406370795573
  },
  {
    "name": "m0_group4",
    "dtype": "bf16",
    "median_ms": 0.33671554923057556,
    "min_ms": 0.3364570140838623,
    "max_ms": 0.33688122034072876,
    "median_pflops": 3.265401999665534
  },
  {
    "name": "m0_group4",
    "dtype": "fp32",
    "median_ms": 0.3592449426651001,
    "min_ms": 0.3591473698616028,
    "max_ms": 0.3594473600387573,
    "median_pflops": 3.0606182500974017
  },
  {
    "name": "issue7_37",
    "dtype": "bf16",
    "median_ms": 0.3363136053085327,
    "min_ms": 0.3354966640472412,
    "max_ms": 0.3363843560218811,
    "median_pflops": 3.2693046324049617
  },
  {
    "name": "issue7_37",
    "dtype": "fp32",
    "median_ms": 0.3595566153526306,
    "min_ms": 0.35915252566337585,
    "max_ms": 0.3598109781742096,
    "median_pflops": 3.057965229474829
  },
  {
    "name": "issue9_39",
    "dtype": "bf16",
    "median_ms": 0.33610954880714417,
    "min_ms": 0.33563315868377686,
    "max_ms": 0.33703282475471497,
    "median_pflops": 3.2712894699902955
  },
  {
    "name": "issue9_39",
    "dtype": "fp32",
    "median_ms": 0.35982537269592285,
    "min_ms": 0.3591725528240204,
    "max_ms": 0.35983535647392273,
    "median_pflops": 3.0556812031850873
  }
]
