Shared-address comparison on PCI 0000:65:00.0
FULL_BASELINE_EQUAL baseline bf16 67108864 outputs
FULL_BASELINE_EQUAL baseline fp32 67108864 outputs
FULL_BASELINE_EQUAL main_keep_prio bf16 67108864 outputs
FULL_BASELINE_EQUAL main_keep_prio fp32 67108864 outputs
FULL_BASELINE_EQUAL main_allprio1 bf16 67108864 outputs
FULL_BASELINE_EQUAL main_allprio1 fp32 67108864 outputs
1 baseline bf16: 0.336973608 ms / 3.262901 P
1 main_keep_prio bf16: 0.336004823 ms / 3.272309 P
1 baseline bf16: 0.336112589 ms / 3.271260 P
1 baseline bf16: 0.335947841 ms / 3.272864 P
1 main_allprio1 bf16: 0.335042596 ms / 3.281707 P
1 baseline bf16: 0.335933506 ms / 3.273004 P
1 baseline fp32: 0.359202087 ms / 3.060983 P
1 main_keep_prio fp32: 0.358608097 ms / 3.066054 P
1 baseline fp32: 0.359316051 ms / 3.060013 P
1 baseline fp32: 0.359475225 ms / 3.058658 P
1 main_allprio1 fp32: 0.357993573 ms / 3.071317 P
1 baseline fp32: 0.359739691 ms / 3.056409 P
2 baseline bf16: 0.336439937 ms / 3.268077 P
2 main_allprio1 bf16: 0.335457087 ms / 3.277652 P
2 baseline bf16: 0.336583525 ms / 3.266683 P
2 baseline bf16: 0.336607099 ms / 3.266454 P
2 main_keep_prio bf16: 0.336249471 ms / 3.269928 P
2 baseline bf16: 0.336641461 ms / 3.266121 P
2 baseline fp32: 0.359713286 ms / 3.056633 P
2 main_allprio1 fp32: 0.358394474 ms / 3.067881 P
2 baseline fp32: 0.359994918 ms / 3.054242 P
2 baseline fp32: 0.359814882 ms / 3.055770 P
2 main_keep_prio fp32: 0.359208077 ms / 3.060932 P
2 baseline fp32: 0.360035717 ms / 3.053896 P
3 baseline bf16: 0.336827934 ms / 3.264312 P
3 main_keep_prio bf16: 0.336701125 ms / 3.265542 P
3 baseline bf16: 0.336707115 ms / 3.265484 P
3 baseline bf16: 0.336614311 ms / 3.266384 P
3 main_allprio1 bf16: 0.335786313 ms / 3.274438 P
3 baseline bf16: 0.336824298 ms / 3.264348 P
3 baseline fp32: 0.359876126 ms / 3.055250 P
3 main_keep_prio fp32: 0.359601319 ms / 3.057585 P
3 baseline fp32: 0.360050499 ms / 3.053771 P
3 baseline fp32: 0.359956145 ms / 3.054571 P
3 main_allprio1 fp32: 0.358523667 ms / 3.066776 P
3 baseline fp32: 0.360196114 ms / 3.052536 P
[
  {
    "name": "baseline",
    "dtype": "bf16",
    "median_ms": 0.33661070466041565,
    "min_ms": 0.33593350648880005,
    "max_ms": 0.3369736075401306,
    "median_pflops": 3.266419078636328
  },
  {
    "name": "baseline",
    "dtype": "fp32",
    "median_ms": 0.35984550416469574,
    "min_ms": 0.3592020869255066,
    "max_ms": 0.3601961135864258,
    "median_pflops": 3.05551025384708
  },
  {
    "name": "main_keep_prio",
    "dtype": "bf16",
    "median_ms": 0.3362494707107544,
    "min_ms": 0.3360048234462738,
    "max_ms": 0.3367011249065399,
    "median_pflops": 3.269928203758609
  },
  {
    "name": "main_keep_prio",
    "dtype": "fp32",
    "median_ms": 0.3592080771923065,
    "min_ms": 0.35860809683799744,
    "max_ms": 0.35960131883621216,
    "median_pflops": 3.060932360903908
  },
  {
    "name": "main_allprio1",
    "dtype": "bf16",
    "median_ms": 0.33545708656311035,
    "min_ms": 0.3350425958633423,
    "max_ms": 0.3357863128185272,
    "median_pflops": 3.2776521105603362
  },
  {
    "name": "main_allprio1",
    "dtype": "fp32",
    "median_ms": 0.35839447379112244,
    "min_ms": 0.35799357295036316,
    "max_ms": 0.3585236668586731,
    "median_pflops": 3.0678810868518345
  }
]
