Shared-address comparison on PCI 0000:65:00.0
FULL_BASELINE_EQUAL baseline bf16 67108864 outputs
FULL_BASELINE_EQUAL baseline fp32 67108864 outputs
FULL_BASELINE_EQUAL packed6_final_resident bf16 67108864 outputs
FULL_BASELINE_EQUAL packed6_final_resident fp32 67108864 outputs
FULL_BASELINE_EQUAL packed6_final_retire8 bf16 67108864 outputs
FULL_BASELINE_EQUAL packed6_final_retire8 fp32 67108864 outputs
1 baseline bf16: 0.342372745 ms / 3.211446 P
1 packed6_final_resident bf16: 0.340123683 ms / 3.232682 P
1 baseline bf16: 0.341510683 ms / 3.219553 P
1 baseline bf16: 0.341613382 ms / 3.218585 P
1 packed6_final_retire8 bf16: 0.339875907 ms / 3.235038 P
1 baseline bf16: 0.341500700 ms / 3.219647 P
1 baseline fp32: 0.362077594 ms / 3.036674 P
1 packed6_final_resident fp32: 0.362871289 ms / 3.030032 P
1 baseline fp32: 0.362308472 ms / 3.034739 P
1 baseline fp32: 0.362343758 ms / 3.034443 P
1 packed6_final_retire8 fp32: 0.363197714 ms / 3.027309 P
1 baseline fp32: 0.362485349 ms / 3.033258 P
2 baseline bf16: 0.341912359 ms / 3.215770 P
2 packed6_final_retire8 bf16: 0.340573996 ms / 3.228407 P
2 baseline bf16: 0.342026412 ms / 3.214698 P
2 baseline bf16: 0.342125535 ms / 3.213767 P
2 packed6_final_resident bf16: 0.340615571 ms / 3.228013 P
2 baseline bf16: 0.342308015 ms / 3.212053 P
2 baseline fp32: 0.363077343 ms / 3.028312 P
2 packed6_final_retire8 fp32: 0.363612592 ms / 3.023855 P
2 baseline fp32: 0.363034219 ms / 3.028672 P
2 baseline fp32: 0.363085747 ms / 3.028242 P
2 packed6_final_resident fp32: 0.363713384 ms / 3.023017 P
2 baseline fp32: 0.363389820 ms / 3.025708 P
3 baseline bf16: 0.342619628 ms / 3.209132 P
3 packed6_final_resident bf16: 0.340883642 ms / 3.225475 P
3 baseline bf16: 0.342555612 ms / 3.209732 P
3 baseline bf16: 0.342774838 ms / 3.207679 P
3 packed6_final_retire8 bf16: 0.340946048 ms / 3.224885 P
3 baseline bf16: 0.342546046 ms / 3.209821 P
3 baseline fp32: 0.363350272 ms / 3.026038 P
3 packed6_final_resident fp32: 0.363937408 ms / 3.021156 P
3 baseline fp32: 0.363256991 ms / 3.026815 P
3 baseline fp32: 0.362668604 ms / 3.031725 P
3 packed6_final_retire8 fp32: 0.364027023 ms / 3.020412 P
3 baseline fp32: 0.363375068 ms / 3.025831 P
[
  {
    "name": "baseline",
    "dtype": "bf16",
    "median_ms": 0.34221677482128143,
    "min_ms": 0.3415006995201111,
    "max_ms": 0.3427748382091522,
    "median_pflops": 3.212909794822906
  },
  {
    "name": "baseline",
    "dtype": "fp32",
    "median_ms": 0.3630557805299759,
    "min_ms": 0.36207759380340576,
    "max_ms": 0.3633898198604584,
    "median_pflops": 3.0284922778835033
  },
  {
    "name": "packed6_final_resident",
    "dtype": "bf16",
    "median_ms": 0.34061557054519653,
    "min_ms": 0.3401236832141876,
    "max_ms": 0.34088364243507385,
    "median_pflops": 3.228013405306452
  },
  {
    "name": "packed6_final_resident",
    "dtype": "fp32",
    "median_ms": 0.3637133836746216,
    "min_ms": 0.36287128925323486,
    "max_ms": 0.3639374077320099,
    "median_pflops": 3.0230166860167684
  },
  {
    "name": "packed6_final_retire8",
    "dtype": "bf16",
    "median_ms": 0.3405739963054657,
    "min_ms": 0.3398759067058563,
    "max_ms": 0.3409460484981537,
    "median_pflops": 3.2284074524287294
  },
  {
    "name": "packed6_final_retire8",
    "dtype": "fp32",
    "median_ms": 0.3636125922203064,
    "min_ms": 0.3631977140903473,
    "max_ms": 0.3640270233154297,
    "median_pflops": 3.0238546499781984
  }
]
