GPU2, PCI 0000:65:00.0, HIP 2; work directory: /tmp/mxfp8_4wave_compare_j4wwgsdz
make: Nothing to be done for 'all'.
baseline PASS [{'vgpr_count': 508, 'sgpr_count': 76, 'group_segment_fixed_size': 152064, 'private_segment_fixed_size': 0, 'vgpr_spill_count': 0, 'sgpr_spill_count': 0, 'wavefront_size': 64, 'max_flat_workgroup_size': 256, 'agpr_count': 256}, {'vgpr_count': 512, 'sgpr_count': 76, 'group_segment_fixed_size': 152064, 'private_segment_fixed_size': 0, 'vgpr_spill_count': 0, 'sgpr_spill_count': 0, 'wavefront_size': 64, 'max_flat_workgroup_size': 256, 'agpr_count': 256}]
current PASS [{'vgpr_count': 500, 'sgpr_count': 74, 'group_segment_fixed_size': 152064, 'private_segment_fixed_size': 0, 'vgpr_spill_count': 0, 'sgpr_spill_count': 0, 'wavefront_size': 64, 'max_flat_workgroup_size': 256, 'agpr_count': 256}, {'vgpr_count': 504, 'sgpr_count': 74, 'group_segment_fixed_size': 152064, 'private_segment_fixed_size': 0, 'vgpr_spill_count': 0, 'sgpr_spill_count': 0, 'wavefront_size': 64, 'max_flat_workgroup_size': 256, 'agpr_count': 256}]
[aiter] import [module_aiter_core] under /sgl-workspace/aiter/aiter/jit/module_aiter_core.so
[aiter] ROCm/HIP JIT runtime not available: cannot import name 'fly_values' from 'flydsl.compiler.protocol' (/opt/venv/lib/python3.10/site-packages/flydsl/compiler/protocol.py). CK and HIP ops are disabled. Triton ops remain available.
/opt/venv/lib/python3.10/site-packages/torch/__init__.py:1605: UserWarning: Please use the new API settings to control TF32 behavior, such as torch.backends.cudnn.conv.fp32_precision = 'tf32' or torch.backends.cuda.matmul.fp32_precision = 'ieee'. Old settings, e.g, torch.backends.cuda.matmul.allow_tf32 = True, torch.backends.cudnn.allow_tf32 = True, allowTF32CuDNN() and allowTF32CuBLAS() will be deprecated after Pytorch 2.9. Please see https://pytorch.org/docs/main/notes/cuda.html#tensorfloat-32-tf32-on-ampere-and-later-devices (Triggered internally at /app/pytorch/aten/src/ATen/Context.cpp:80.)
  _C._set_float32_matmul_precision(precision)
PASS dyadic_independent_dequantized_gemm baseline fp32 67108864 outputs exactly equal
PASS dyadic_independent_dequantized_gemm baseline bf16 67108864 outputs exactly equal
PASS dyadic_independent_dequantized_gemm current fp32 67108864 outputs exactly equal
PASS dyadic_independent_dequantized_gemm current bf16 67108864 outputs exactly equal
PASS cli_seed1_validated_baseline current fp32 67108864 outputs exactly equal
PASS cli_seed1_validated_baseline current bf16 67108864 outputs exactly equal
ALL FULL OUTPUT CHECKS PASSED; no performance timing
Shared-address comparison on PCI 0000:65:00.0
FULL_BASELINE_EQUAL baseline bf16 67108864 outputs
FULL_BASELINE_EQUAL baseline fp32 67108864 outputs
FULL_BASELINE_EQUAL current bf16 67108864 outputs
FULL_BASELINE_EQUAL current fp32 67108864 outputs
1 baseline bf16: 0.342398465 ms / 3.211205 P
1 current bf16: 0.336282223 ms / 3.269610 P
1 baseline bf16: 0.341718256 ms / 3.217597 P
1 baseline fp32: 0.361418039 ms / 3.042216 P
1 current fp32: 0.359022707 ms / 3.062513 P
1 baseline fp32: 0.361631513 ms / 3.040420 P
[
  {
    "name": "baseline",
    "dtype": "bf16",
    "median_ms": 0.34205836057662964,
    "min_ms": 0.34171825647354126,
    "max_ms": 0.342398464679718,
    "median_pflops": 3.214397759266819
  },
  {
    "name": "baseline",
    "dtype": "fp32",
    "median_ms": 0.3615247756242752,
    "min_ms": 0.3614180386066437,
    "max_ms": 0.36163151264190674,
    "median_pflops": 3.041317502728218
  },
  {
    "name": "current",
    "dtype": "bf16",
    "median_ms": 0.33628222346305847,
    "min_ms": 0.33628222346305847,
    "max_ms": 0.33628222346305847,
    "median_pflops": 3.269609723800296
  },
  {
    "name": "current",
    "dtype": "fp32",
    "median_ms": 0.35902270674705505,
    "min_ms": 0.35902270674705505,
    "max_ms": 0.35902270674705505,
    "median_pflops": 3.0625127801474883
  }
]
Results: /root/workspace/gcnasm_new/gcnasm-mxfp8-final-pipeline-source-20260910/opus_gemm/mxfp8_gemm_16x16x128_blockscale_bpreshuffle_4wave/results/generic_opt_20260912/shared_allocations/reproduction_smoke_gpu2
