Shared-address comparison on PCI 0000:65:00.0
FULL_BASELINE_EQUAL baseline bf16 67108864 outputs
FULL_BASELINE_EQUAL baseline fp32 67108864 outputs
FULL_BASELINE_EQUAL packed6_unsigned_rows32 bf16 67108864 outputs
FULL_BASELINE_EQUAL packed6_unsigned_rows32 fp32 67108864 outputs
FULL_BASELINE_EQUAL packed6_unsigned_rows64 bf16 67108864 outputs
FULL_BASELINE_EQUAL packed6_unsigned_rows64 fp32 67108864 outputs
1 baseline bf16: 0.342687845 ms / 3.208493 P
1 packed6_unsigned_rows32 bf16: 0.343927383 ms / 3.196930 P
1 baseline bf16: 0.341914058 ms / 3.215754 P
1 baseline bf16: 0.341688454 ms / 3.217878 P
1 packed6_unsigned_rows64 bf16: 0.340197921 ms / 3.231976 P
1 baseline bf16: 0.341938883 ms / 3.215521 P
1 baseline fp32: 0.362090141 ms / 3.036569 P
1 packed6_unsigned_rows32 fp32: 0.361423850 ms / 3.042167 P
1 baseline fp32: 0.362480968 ms / 3.033295 P
1 baseline fp32: 0.362674206 ms / 3.031679 P
1 packed6_unsigned_rows64 fp32: 0.361902267 ms / 3.038145 P
1 baseline fp32: 0.362755865 ms / 3.030996 P
2 baseline bf16: 0.342768103 ms / 3.207742 P
2 packed6_unsigned_rows64 bf16: 0.341245264 ms / 3.222057 P
2 baseline bf16: 0.343014866 ms / 3.205434 P
2 baseline bf16: 0.342494875 ms / 3.210301 P
2 packed6_unsigned_rows32 bf16: 0.344266921 ms / 3.193777 P
2 baseline bf16: 0.342131257 ms / 3.213713 P
2 baseline fp32: 0.362839043 ms / 3.030301 P
2 packed6_unsigned_rows64 fp32: 0.362117857 ms / 3.036336 P
2 baseline fp32: 0.363230616 ms / 3.027035 P
2 baseline fp32: 0.363221437 ms / 3.027111 P
2 packed6_unsigned_rows32 fp32: 0.362004280 ms / 3.037289 P
2 baseline fp32: 0.362900704 ms / 3.029786 P
3 baseline bf16: 0.342642099 ms / 3.208922 P
3 packed6_unsigned_rows32 bf16: 0.344481736 ms / 3.191785 P
3 baseline bf16: 0.342942506 ms / 3.206111 P
3 baseline bf16: 0.342926472 ms / 3.206261 P
3 packed6_unsigned_rows64 bf16: 0.341664463 ms / 3.218104 P
3 baseline bf16: 0.342878073 ms / 3.206713 P
3 baseline fp32: 0.363203853 ms / 3.027258 P
3 packed6_unsigned_rows32 fp32: 0.362318695 ms / 3.034653 P
3 baseline fp32: 0.363405496 ms / 3.025578 P
3 baseline fp32: 0.363423884 ms / 3.025425 P
3 packed6_unsigned_rows64 fp32: 0.362442672 ms / 3.033615 P
3 baseline fp32: 0.363463104 ms / 3.025098 P
[
  {
    "name": "baseline",
    "dtype": "bf16",
    "median_ms": 0.34266497194767,
    "min_ms": 0.34168845415115356,
    "max_ms": 0.3430148661136627,
    "median_pflops": 3.2087073899806478
  },
  {
    "name": "baseline",
    "dtype": "fp32",
    "median_ms": 0.36305227875709534,
    "min_ms": 0.362090140581131,
    "max_ms": 0.3634631037712097,
    "median_pflops": 3.028521488806415
  },
  {
    "name": "packed6_unsigned_rows32",
    "dtype": "bf16",
    "median_ms": 0.3442669212818146,
    "min_ms": 0.34392738342285156,
    "max_ms": 0.3444817364215851,
    "median_pflops": 3.193776572207898
  },
  {
    "name": "packed6_unsigned_rows32",
    "dtype": "fp32",
    "median_ms": 0.36200428009033203,
    "min_ms": 0.3614238500595093,
    "max_ms": 0.3623186945915222,
    "median_pflops": 3.037289027360769
  },
  {
    "name": "packed6_unsigned_rows64",
    "dtype": "bf16",
    "median_ms": 0.34124526381492615,
    "min_ms": 0.34019792079925537,
    "max_ms": 0.34166446328163147,
    "median_pflops": 3.22205681474987
  },
  {
    "name": "packed6_unsigned_rows64",
    "dtype": "fp32",
    "median_ms": 0.36211785674095154,
    "min_ms": 0.36190226674079895,
    "max_ms": 0.36244267225265503,
    "median_pflops": 3.0363363952044993
  }
]
