Shared-address comparison on PCI 0000:65:00.0
FULL_BASELINE_EQUAL baseline bf16 67108864 outputs
FULL_BASELINE_EQUAL baseline fp32 67108864 outputs
FULL_BASELINE_EQUAL packed2_20_split_async36 bf16 67108864 outputs
FULL_BASELINE_EQUAL packed2_20_split_async36 fp32 67108864 outputs
1 baseline bf16: 0.341792077 ms / 3.216902 P
1 packed2_20_split_async36 bf16: 0.337080270 ms / 3.261869 P
1 baseline bf16: 0.341505885 ms / 3.219598 P
1 baseline fp32: 0.361514002 ms / 3.041408 P
1 packed2_20_split_async36 fp32: 0.359642327 ms / 3.057236 P
1 baseline fp32: 0.362063646 ms / 3.036791 P
2 baseline bf16: 0.340845466 ms / 3.225836 P
2 packed2_20_split_async36 bf16: 0.336927801 ms / 3.263345 P
2 baseline bf16: 0.341163456 ms / 3.222829 P
2 baseline fp32: 0.362843603 ms / 3.030263 P
2 packed2_20_split_async36 fp32: 0.360258073 ms / 3.052011 P
2 baseline fp32: 0.362693638 ms / 3.031516 P
3 baseline bf16: 0.341892660 ms / 3.215956 P
3 packed2_20_split_async36 bf16: 0.337009430 ms / 3.262554 P
3 baseline bf16: 0.342377931 ms / 3.211397 P
3 baseline fp32: 0.362778068 ms / 3.030811 P
3 packed2_20_split_async36 fp32: 0.360473663 ms / 3.050186 P
3 baseline fp32: 0.362935305 ms / 3.029498 P
[
  {
    "name": "baseline",
    "dtype": "bf16",
    "median_ms": 0.34164898097515106,
    "min_ms": 0.3408454656600952,
    "max_ms": 0.3423779308795929,
    "median_pflops": 3.218249399245157
  },
  {
    "name": "baseline",
    "dtype": "fp32",
    "median_ms": 0.362735852599144,
    "min_ms": 0.36151400208473206,
    "max_ms": 0.36293530464172363,
    "median_pflops": 3.031163365566348
  },
  {
    "name": "packed2_20_split_async36",
    "dtype": "bf16",
    "median_ms": 0.3370094299316406,
    "min_ms": 0.3369278013706207,
    "max_ms": 0.3370802700519562,
    "median_pflops": 3.262554486973929
  },
  {
    "name": "packed2_20_split_async36",
    "dtype": "fp32",
    "median_ms": 0.3602580726146698,
    "min_ms": 0.3596423268318176,
    "max_ms": 0.3604736626148224,
    "median_pflops": 3.052011075826834
  }
]
