[aiter] import [module_aiter_core] under /sgl-workspace/aiter/aiter/jit/module_aiter_core.so
[aiter] ROCm/HIP JIT runtime not available: cannot import name 'fly_values' from 'flydsl.compiler.protocol' (/opt/venv/lib/python3.10/site-packages/flydsl/compiler/protocol.py). CK and HIP ops are disabled. Triton ops remain available.
/opt/venv/lib/python3.10/site-packages/torch/__init__.py:1605: UserWarning: Please use the new API settings to control TF32 behavior, such as torch.backends.cudnn.conv.fp32_precision = 'tf32' or torch.backends.cuda.matmul.fp32_precision = 'ieee'. Old settings, e.g, torch.backends.cuda.matmul.allow_tf32 = True, torch.backends.cudnn.allow_tf32 = True, allowTF32CuDNN() and allowTF32CuBLAS() will be deprecated after Pytorch 2.9. Please see https://pytorch.org/docs/main/notes/cuda.html#tensorfloat-32-tf32-on-ampere-and-later-devices (Triggered internally at /app/pytorch/aten/src/ATen/Context.cpp:80.)
  _C._set_float32_matmul_precision(precision)
PASS baseline fp32 (512, 256, 128, 2)
PASS packed6_unsigned_index fp32 (512, 256, 128, 2)
PASS baseline bf16 (512, 256, 128, 2)
PASS packed6_unsigned_index bf16 (512, 256, 128, 2)
PASS baseline fp32 (256, 512, 256, 1)
PASS packed6_unsigned_index fp32 (256, 512, 256, 1)
PASS baseline bf16 (256, 512, 256, 1)
PASS packed6_unsigned_index bf16 (256, 512, 256, 1)
PASS baseline fp32 (256, 256, 384, 1)
PASS packed6_unsigned_index fp32 (256, 256, 384, 1)
PASS baseline bf16 (256, 256, 384, 1)
PASS packed6_unsigned_index bf16 (256, 256, 384, 1)
PASS baseline fp32 (256, 768, 896, 1)
PASS packed6_unsigned_index fp32 (256, 768, 896, 1)
PASS baseline bf16 (256, 768, 896, 1)
PASS packed6_unsigned_index bf16 (256, 768, 896, 1)
PASS baseline fp32 (512, 256, 1152, 2)
PASS packed6_unsigned_index fp32 (512, 256, 1152, 2)
PASS baseline bf16 (512, 256, 1152, 2)
PASS packed6_unsigned_index bf16 (512, 256, 1152, 2)
PASS baseline fp32 (256, 512, 3968, 1)
PASS packed6_unsigned_index fp32 (256, 512, 3968, 1)
PASS baseline bf16 (256, 512, 3968, 1)
PASS packed6_unsigned_index bf16 (256, 512, 3968, 1)
PASS baseline fp32 (512, 256, 4096, 1)
PASS packed6_unsigned_index fp32 (512, 256, 4096, 1)
PASS baseline bf16 (512, 256, 4096, 1)
PASS packed6_unsigned_index bf16 (512, 256, 4096, 1)
PASS baseline fp32 (256, 256, 4224, 2)
PASS packed6_unsigned_index fp32 (256, 256, 4224, 2)
PASS baseline bf16 (256, 256, 4224, 2)
PASS packed6_unsigned_index bf16 (256, 256, 4224, 2)
PASS baseline fp32 (256, 512, 4352, 1)
PASS packed6_unsigned_index fp32 (256, 512, 4352, 1)
PASS baseline bf16 (256, 512, 4352, 1)
PASS packed6_unsigned_index bf16 (256, 512, 4352, 1)
PASS baseline fp32 (256, 512, 8064, 1)
PASS packed6_unsigned_index fp32 (256, 512, 8064, 1)
PASS baseline bf16 (256, 512, 8064, 1)
PASS packed6_unsigned_index bf16 (256, 512, 8064, 1)
PASS baseline fp32 (256, 256, 8192, 1)
PASS packed6_unsigned_index fp32 (256, 256, 8192, 1)
PASS baseline bf16 (256, 256, 8192, 1)
PASS packed6_unsigned_index bf16 (256, 256, 8192, 1)
PASS baseline fp32 (512, 256, 8320, 1)
PASS packed6_unsigned_index fp32 (512, 256, 8320, 1)
PASS baseline bf16 (512, 256, 8320, 1)
PASS packed6_unsigned_index bf16 (512, 256, 8320, 1)
PASS baseline fp32 (256, 512, 8448, 1)
PASS packed6_unsigned_index fp32 (256, 512, 8448, 1)
PASS baseline bf16 (256, 512, 8448, 1)
PASS packed6_unsigned_index bf16 (256, 512, 8448, 1)
PASS baseline fp32 (256, 256, 16384, 1)
PASS packed6_unsigned_index fp32 (256, 256, 16384, 1)
PASS baseline bf16 (256, 256, 16384, 1)
PASS packed6_unsigned_index bf16 (256, 256, 16384, 1)
PASS baseline fp32 (256, 512, 16512, 2)
PASS packed6_unsigned_index fp32 (256, 512, 16512, 2)
PASS baseline bf16 (256, 512, 16512, 2)
PASS packed6_unsigned_index bf16 (256, 512, 16512, 2)
PASS baseline fp32 (256, 256, 32896, 1)
PASS packed6_unsigned_index fp32 (256, 256, 32896, 1)
PASS baseline bf16 (256, 256, 32896, 1)
PASS packed6_unsigned_index bf16 (256, 256, 32896, 1)
ALL GENERIC SHAPES PASSED; no performance timing
