WARNING: AMD GPU device(s) is/are in a low-power state. Check power control/runtime_status



============================ ROCm System Management Interface ============================
================================== GPUs Indexed by PID ===================================
PID 1732358 is using 1 DRM device(s):
4 
PID 1732364 is using 1 DRM device(s):
7 
PID 1732362 is using 1 DRM device(s):
6 
PID 1732360 is using 1 DRM device(s):
1 
PID 1732359 is using 1 DRM device(s):
0 
PID 1732357 is using 1 DRM device(s):
3 
PID 1732363 is using 1 DRM device(s):
2 
PID 1732361 is using 1 DRM device(s):
5 
PID 1731828 is using 1 DRM device(s):
3 
==========================================================================================
================================== End of ROCm SMI Log ===================================
