Shared-address comparison on PCI 0000:65:00.0
FULL_BASELINE_EQUAL baseline bf16 67108864 outputs
FULL_BASELINE_EQUAL baseline fp32 67108864 outputs
FULL_BASELINE_EQUAL matrix_cache1 bf16 67108864 outputs
FULL_BASELINE_EQUAL matrix_cache1 fp32 67108864 outputs
FULL_BASELINE_EQUAL matrix_cache2 bf16 67108864 outputs
FULL_BASELINE_EQUAL matrix_cache2 fp32 67108864 outputs
FULL_BASELINE_EQUAL matrix_cache3 bf16 67108864 outputs
FULL_BASELINE_EQUAL matrix_cache3 fp32 67108864 outputs
FULL_BASELINE_EQUAL b_scale_byte0 bf16 67108864 outputs
FULL_BASELINE_EQUAL b_scale_byte0 fp32 67108864 outputs
FULL_BASELINE_EQUAL output_pingpong_xor128_ordered bf16 67108864 outputs
FULL_BASELINE_EQUAL output_pingpong_xor128_ordered fp32 67108864 outputs
1 baseline bf16: 0.334341466 ms / 3.288589 P
1 matrix_cache1 bf16: 0.334442705 ms / 3.287593 P
1 baseline bf16: 0.333790064 ms / 3.294021 P
1 baseline bf16: 0.333494753 ms / 3.296938 P
1 matrix_cache2 bf16: 0.433355212 ms / 2.537206 P
1 baseline bf16: 0.333698928 ms / 3.294921 P
1 baseline bf16: 0.333822429 ms / 3.293702 P
1 matrix_cache3 bf16: 0.433619618 ms / 2.535659 P
1 baseline bf16: 0.333893627 ms / 3.293000 P
1 baseline bf16: 0.333573252 ms / 3.296162 P
1 b_scale_byte0 bf16: 0.333986849 ms / 3.292081 P
1 baseline bf16: 0.333848089 ms / 3.293449 P
1 baseline bf16: 0.333760858 ms / 3.294310 P
1 output_pingpong_xor128_ordered bf16: 0.335046858 ms / 3.281665 P
1 baseline bf16: 0.334043682 ms / 3.291521 P
1 baseline fp32: 0.356872678 ms / 3.080963 P
1 matrix_cache1 fp32: 0.356681019 ms / 3.082619 P
1 baseline fp32: 0.357000649 ms / 3.079859 P
1 baseline fp32: 0.356976628 ms / 3.080066 P
1 matrix_cache2 fp32: 0.480373114 ms / 2.288870 P
1 baseline fp32: 0.356812239 ms / 3.081485 P
1 baseline fp32: 0.357021838 ms / 3.079676 P
1 matrix_cache3 fp32: 0.480700791 ms / 2.287310 P
1 baseline fp32: 0.357259482 ms / 3.077628 P
1 baseline fp32: 0.357085824 ms / 3.079124 P
1 b_scale_byte0 fp32: 0.357076645 ms / 3.079203 P
1 baseline fp32: 0.357197046 ms / 3.078166 P
1 baseline fp32: 0.357431442 ms / 3.076147 P
1 output_pingpong_xor128_ordered fp32: 0.357350707 ms / 3.076842 P
1 baseline fp32: 0.357045442 ms / 3.079473 P
2 baseline bf16: 0.335072488 ms / 3.281414 P
2 output_pingpong_xor128_ordered bf16: 0.336110502 ms / 3.271280 P
2 baseline bf16: 0.334844470 ms / 3.283649 P
2 baseline bf16: 0.335137278 ms / 3.280780 P
2 b_scale_byte0 bf16: 0.335066080 ms / 3.281477 P
2 baseline bf16: 0.335094899 ms / 3.281195 P
2 baseline bf16: 0.335292906 ms / 3.279257 P
2 matrix_cache3 bf16: 0.433051616 ms / 2.538985 P
2 baseline bf16: 0.335162461 ms / 3.280533 P
2 baseline bf16: 0.335110486 ms / 3.281042 P
2 matrix_cache2 bf16: 0.433845252 ms / 2.534341 P
2 baseline bf16: 0.334835321 ms / 3.283738 P
2 baseline bf16: 0.335076869 ms / 3.281371 P
2 matrix_cache1 bf16: 0.335240513 ms / 3.279770 P
2 baseline bf16: 0.335024059 ms / 3.281889 P
2 baseline fp32: 0.357751846 ms / 3.073392 P
2 output_pingpong_xor128_ordered fp32: 0.357738674 ms / 3.073505 P
2 baseline fp32: 0.357825845 ms / 3.072756 P
2 baseline fp32: 0.357465446 ms / 3.075854 P
2 b_scale_byte0 fp32: 0.357574701 ms / 3.074914 P
2 baseline fp32: 0.357565850 ms / 3.074991 P
2 baseline fp32: 0.357460618 ms / 3.075896 P
2 matrix_cache3 fp32: 0.477367222 ms / 2.303283 P
2 baseline fp32: 0.357293487 ms / 3.077335 P
2 baseline fp32: 0.357591093 ms / 3.074774 P
2 matrix_cache2 fp32: 0.479126781 ms / 2.294824 P
2 baseline fp32: 0.357285053 ms / 3.077407 P
2 baseline fp32: 0.357379466 ms / 3.076594 P
2 matrix_cache1 fp32: 0.357835084 ms / 3.072677 P
2 baseline fp32: 0.357715070 ms / 3.073708 P
3 baseline bf16: 0.334836125 ms / 3.283731 P
3 matrix_cache1 bf16: 0.335112125 ms / 3.281026 P
3 baseline bf16: 0.334938496 ms / 3.282727 P
3 baseline bf16: 0.334971309 ms / 3.282405 P
3 matrix_cache2 bf16: 0.433862031 ms / 2.534243 P
3 baseline bf16: 0.335082144 ms / 3.281320 P
3 baseline bf16: 0.334997296 ms / 3.282151 P
3 matrix_cache3 bf16: 0.436366081 ms / 2.519700 P
3 baseline bf16: 0.335089296 ms / 3.281250 P
3 baseline bf16: 0.335067719 ms / 3.281461 P
3 b_scale_byte0 bf16: 0.335251302 ms / 3.279664 P
3 baseline bf16: 0.335207283 ms / 3.280095 P
3 baseline bf16: 0.335408509 ms / 3.278127 P
3 output_pingpong_xor128_ordered bf16: 0.336196512 ms / 3.270443 P
3 baseline bf16: 0.335185319 ms / 3.280310 P
3 baseline fp32: 0.357850254 ms / 3.072547 P
3 matrix_cache1 fp32: 0.358017087 ms / 3.071115 P
3 baseline fp32: 0.357819051 ms / 3.072815 P
3 baseline fp32: 0.357807875 ms / 3.072911 P
3 matrix_cache2 fp32: 0.479057997 ms / 2.295153 P
3 baseline fp32: 0.357654691 ms / 3.074227 P
3 baseline fp32: 0.357793450 ms / 3.073035 P
3 matrix_cache3 fp32: 0.481445998 ms / 2.283769 P
3 baseline fp32: 0.357609063 ms / 3.074619 P
3 baseline fp32: 0.357747495 ms / 3.073429 P
3 b_scale_byte0 fp32: 0.357577890 ms / 3.074887 P
3 baseline fp32: 0.357703894 ms / 3.073804 P
3 baseline fp32: 0.357805848 ms / 3.072928 P
3 output_pingpong_xor128_ordered fp32: 0.358122677 ms / 3.070209 P
3 baseline fp32: 0.357746273 ms / 3.073440 P
[
  {
    "name": "baseline",
    "dtype": "bf16",
    "median_ms": 0.33498430252075195,
    "min_ms": 0.33349475264549255,
    "max_ms": 0.3354085087776184,
    "median_pflops": 3.282278063485934
  },
  {
    "name": "baseline",
    "dtype": "fp32",
    "median_ms": 0.3575156480073929,
    "min_ms": 0.3568122386932373,
    "max_ms": 0.35785025358200073,
    "median_pflops": 3.0754223875349473
  },
  {
    "name": "matrix_cache1",
    "dtype": "bf16",
    "median_ms": 0.3351121246814728,
    "min_ms": 0.33444270491600037,
    "max_ms": 0.33524051308631897,
    "median_pflops": 3.281026100804607
  },
  {
    "name": "matrix_cache1",
    "dtype": "fp32",
    "median_ms": 0.3578350841999054,
    "min_ms": 0.3566810190677643,
    "max_ms": 0.35801708698272705,
    "median_pflops": 3.072676985361657
  },
  {
    "name": "matrix_cache2",
    "dtype": "bf16",
    "median_ms": 0.43384525179862976,
    "min_ms": 0.4333552122116089,
    "max_ms": 0.43386203050613403,
    "median_pflops": 2.5343405816190443
  },
  {
    "name": "matrix_cache2",
    "dtype": "fp32",
    "median_ms": 0.47912678122520447,
    "min_ms": 0.47905799746513367,
    "max_ms": 0.4803731143474579,
    "median_pflops": 2.2948239815866094
  },
  {
    "name": "matrix_cache3",
    "dtype": "bf16",
    "median_ms": 0.4336196184158325,
    "min_ms": 0.43305161595344543,
    "max_ms": 0.43636608123779297,
    "median_pflops": 2.5356593223178163
  },
  {
    "name": "matrix_cache3",
    "dtype": "fp32",
    "median_ms": 0.4807007908821106,
    "min_ms": 0.47736722230911255,
    "max_ms": 0.4814459979534149,
    "median_pflops": 2.2873097956804687
  },
  {
    "name": "b_scale_byte0",
    "dtype": "bf16",
    "median_ms": 0.3350660800933838,
    "min_ms": 0.3339868485927582,
    "max_ms": 0.3352513015270233,
    "median_pflops": 3.28147697752504
  },
  {
    "name": "b_scale_byte0",
    "dtype": "fp32",
    "median_ms": 0.3575747013092041,
    "min_ms": 0.35707664489746094,
    "max_ms": 0.3575778901576996,
    "median_pflops": 3.0749144829047173
  },
  {
    "name": "output_pingpong_xor128_ordered",
    "dtype": "bf16",
    "median_ms": 0.33611050248146057,
    "min_ms": 0.3350468575954437,
    "max_ms": 0.33619651198387146,
    "median_pflops": 3.271280188088284
  },
  {
    "name": "output_pingpong_xor128_ordered",
    "dtype": "fp32",
    "median_ms": 0.3577386736869812,
    "min_ms": 0.3573507070541382,
    "max_ms": 0.35812267661094666,
    "median_pflops": 3.0735050712970016
  }
]
