FULL_REFERENCE_PASS baseline bf16 67108864 outputs
FULL_REFERENCE_PASS baseline fp32 67108864 outputs
FULL_REFERENCE_PASS pair_b_merge_roles bf16 67108864 outputs
FULL_REFERENCE_PASS pair_b_merge_roles fp32 67108864 outputs
FULL_REFERENCE_PASS pair_b_early_a_merge bf16 67108864 outputs
FULL_REFERENCE_PASS pair_b_early_a_merge fp32 67108864 outputs
1 baseline bf16: 0.343859253 ms / 3.197563 P
1 baseline fp32: 0.355647354 ms / 3.091578 P
1 pair_b_merge_roles bf16: 0.341795349 ms / 3.216871 P
1 pair_b_merge_roles fp32: 0.356416664 ms / 3.084905 P
1 pair_b_early_a_merge bf16: 0.342333069 ms / 3.211818 P
1 pair_b_early_a_merge fp32: 0.355451508 ms / 3.093282 P
2 pair_b_early_a_merge bf16: 0.343134689 ms / 3.204315 P
2 pair_b_early_a_merge fp32: 0.355852394 ms / 3.089797 P
2 pair_b_merge_roles bf16: 0.342199516 ms / 3.213072 P
2 pair_b_merge_roles fp32: 0.357126389 ms / 3.078775 P
2 baseline bf16: 0.344979515 ms / 3.187179 P
2 baseline fp32: 0.355950394 ms / 3.088946 P
3 baseline bf16: 0.345497169 ms / 3.182404 P
3 baseline fp32: 0.356521645 ms / 3.083997 P
3 pair_b_merge_roles bf16: 0.342535553 ms / 3.209920 P
3 pair_b_merge_roles fp32: 0.357406464 ms / 3.076362 P
3 pair_b_early_a_merge bf16: 0.343535957 ms / 3.200572 P
3 pair_b_early_a_merge fp32: 0.356082497 ms / 3.087800 P
4 pair_b_early_a_merge bf16: 0.343284798 ms / 3.202914 P
4 pair_b_early_a_merge fp32: 0.356112938 ms / 3.087536 P
4 pair_b_merge_roles bf16: 0.342276802 ms / 3.212346 P
4 pair_b_merge_roles fp32: 0.357217674 ms / 3.077988 P
4 baseline bf16: 0.345590401 ms / 3.181546 P
4 baseline fp32: 0.356576080 ms / 3.083526 P
5 baseline bf16: 0.345439987 ms / 3.182931 P
5 baseline fp32: 0.356566467 ms / 3.083609 P
5 pair_b_merge_roles bf16: 0.342786789 ms / 3.207567 P
5 pair_b_merge_roles fp32: 0.357553673 ms / 3.075095 P
5 pair_b_early_a_merge bf16: 0.343423615 ms / 3.201619 P
5 pair_b_early_a_merge fp32: 0.356256485 ms / 3.086292 P
[
  {
    "name": "baseline",
    "dtype": "bf16",
    "median_ms": 0.3454399871826172,
    "min_ms": 0.3438592529296875,
    "max_ms": 0.34559040069580077,
    "median_pflops": 3.1829309534878547
  },
  {
    "name": "baseline",
    "dtype": "fp32",
    "median_ms": 0.35652164459228514,
    "min_ms": 0.3556473541259766,
    "max_ms": 0.3565760803222656,
    "median_pflops": 3.083996846905021
  },
  {
    "name": "pair_b_merge_roles",
    "dtype": "bf16",
    "median_ms": 0.3422768020629883,
    "min_ms": 0.34179534912109377,
    "max_ms": 0.3427867889404297,
    "median_pflops": 3.2123463265665895
  },
  {
    "name": "pair_b_merge_roles",
    "dtype": "fp32",
    "median_ms": 0.3572176742553711,
    "min_ms": 0.3564166641235352,
    "max_ms": 0.35755367279052735,
    "median_pflops": 3.0779877565351677
  },
  {
    "name": "pair_b_early_a_merge",
    "dtype": "bf16",
    "median_ms": 0.34328479766845704,
    "min_ms": 0.34233306884765624,
    "max_ms": 0.3435359573364258,
    "median_pflops": 3.2029138349374375
  },
  {
    "name": "pair_b_early_a_merge",
    "dtype": "fp32",
    "median_ms": 0.3560824966430664,
    "min_ms": 0.35545150756835936,
    "max_ms": 0.35625648498535156,
    "median_pflops": 3.08780026578543
  }
]
